---
source: models/src/quirks.rs
assertion_line: 119
expression: datatype
---
{
  "OneOf": {
    "discriminator_field": "type",
    "options": {
      "TRANSITION_DATA": {
        "Object": {
          "properties": {
            "criteria": {
              "Optional": {
                "data_type": {
                  "String": {}
                }
              }
            }
          }
        }
      }
    }
  }
}
