---
source: tests/quirks.rs
expression: datatype
---
{
  "OneOf": {
    "discriminator_field": "cloudProvider",
    "options": {
      "aws": {
        "Object": {
          "properties": {
            "awsAccountId": {
              "Optional": {
                "data_type": {
                  "String": {}
                }
              }
            }
          }
        }
      },
      "azure": {
        "Object": {
          "properties": {
            "tenantId": {
              "Optional": {
                "data_type": {
                  "String": {}
                }
              }
            }
          }
        }
      }
    }
  }
}
