---
source: models/tests/quirks.rs
expression: datatype
---
{
  "Object": {
    "properties": {
      "common": {
        "String": {}
      },
      "onlyA": {
        "Optional": {
          "data_type": {
            "Integer": {
              "minimum": null,
              "maximum": null
            }
          }
        }
      },
      "onlyB": {
        "Optional": {
          "data_type": {
            "Boolean": {}
          }
        }
      }
    }
  }
}
